// Jest Snapshot v1, https://goo.gl/fbAQLP

exports[`works with code splitting 1`] = `
{
  "0": {
    "code": "var chunk1="chunk-1";console.log(chunk1);
",
    "dynamicImports": [],
    "exports": [],
    "fileName": "chunk-1.js",
    "implicitlyLoadedBefore": [],
    "importedBindings": {},
    "imports": [],
    "isDynamicEntry": false,
    "isEntry": true,
    "isImplicitEntry": false,
    "map": null,
    "name": "chunk-1",
    "referencedFiles": [],
    "type": "chunk",
  },
  "1": {
    "code": "var chunk2="chunk-2";console.log(chunk2);
",
    "dynamicImports": [],
    "exports": [],
    "fileName": "chunk-2.js",
    "implicitlyLoadedBefore": [],
    "importedBindings": {},
    "imports": [],
    "isDynamicEntry": false,
    "isEntry": true,
    "isImplicitEntry": false,
    "map": null,
    "name": "chunk-2",
    "referencedFiles": [],
    "type": "chunk",
  },
}
`;
